
CommandNotFoundError: Your shell has not been properly configured to use 'conda activate'.
To initialize your shell, run

    $ conda init <SHELL_NAME>

Currently supported shells are:
  - bash
  - fish
  - tcsh
  - xonsh
  - zsh
  - powershell

See 'conda init --help' for more information and options.

IMPORTANT: You may need to close and restart your shell after running 'conda init'.


[mpiexec@sh03-01n02.int] match_arg (utils/args/args.c:163): unrecognized argument w
[mpiexec@sh03-01n02.int] HYDU_parse_array (utils/args/args.c:178): argument matching returned error
[mpiexec@sh03-01n02.int] parse_args (ui/mpich/utils.c:1642): error parsing input array
[mpiexec@sh03-01n02.int] HYD_uii_mpx_get_parameters (ui/mpich/utils.c:1694): unable to parse user arguments
[mpiexec@sh03-01n02.int] main (ui/mpich/mpiexec.c:148): error parsing parameters
[mpiexec@sh03-01n02.int] match_arg (utils/args/args.c:163): unrecognized argument w
[mpiexec@sh03-01n02.int] HYDU_parse_array (utils/args/args.c:178): argument matching returned error
[mpiexec@sh03-01n02.int] parse_args (ui/mpich/utils.c:1642): error parsing input array
[mpiexec@sh03-01n02.int] HYD_uii_mpx_get_parameters (ui/mpich/utils.c:1694): unable to parse user arguments
[mpiexec@sh03-01n02.int] main (ui/mpich/mpiexec.c:148): error parsing parameters
[mpiexec@sh03-01n02.int] match_arg (utils/args/args.c:163): unrecognized argument w
[mpiexec@sh03-01n02.int] HYDU_parse_array (utils/args/args.c:178): argument matching returned error
[mpiexec@sh03-01n02.int] parse_args (ui/mpich/utils.c:1642): error parsing input array
[mpiexec@sh03-01n02.int] HYD_uii_mpx_get_parameters (ui/mpich/utils.c:1694): unable to parse user arguments
[mpiexec@sh03-01n02.int] main (ui/mpich/mpiexec.c:148): error parsing parameters
[mpiexec@sh03-01n02.int] match_arg (utils/args/args.c:163): unrecognized argument w
[mpiexec@sh03-01n02.int] HYDU_parse_array (utils/args/args.c:178): argument matching returned error
[mpiexec@sh03-01n02.int] parse_args (ui/mpich/utils.c:1642): error parsing input array
[mpiexec@sh03-01n02.int] HYD_uii_mpx_get_parameters (ui/mpich/utils.c:1694): unable to parse user arguments
[mpiexec@sh03-01n02.int] main (ui/mpich/mpiexec.c:148): error parsing parameters
[mpiexec@sh03-01n02.int] match_arg (utils/args/args.c:163): unrecognized argument w
[mpiexec@sh03-01n02.int] HYDU_parse_array (utils/args/args.c:178): argument matching returned error
[mpiexec@sh03-01n02.int] parse_args (ui/mpich/utils.c:1642): error parsing input array
[mpiexec@sh03-01n02.int] HYD_uii_mpx_get_parameters (ui/mpich/utils.c:1694): unable to parse user arguments
[mpiexec@sh03-01n02.int] main (ui/mpich/mpiexec.c:148): error parsing parameters
[mpiexec@sh03-01n02.int] match_arg (utils/args/args.c:163): unrecognized argument w
[mpiexec@sh03-01n02.int] HYDU_parse_array (utils/args/args.c:178): argument matching returned error
[mpiexec@sh03-01n02.int] parse_args (ui/mpich/utils.c:1642): error parsing input array
[mpiexec@sh03-01n02.int] HYD_uii_mpx_get_parameters (ui/mpich/utils.c:1694): unable to parse user arguments
[mpiexec@sh03-01n02.int] main (ui/mpich/mpiexec.c:148): error parsing parameters
[mpiexec@sh03-01n02.int] match_arg (utils/args/args.c:163): unrecognized argument w
[mpiexec@sh03-01n02.int] HYDU_parse_array (utils/args/args.c:178): argument matching returned error
[mpiexec@sh03-01n02.int] parse_args (ui/mpich/utils.c:1642): error parsing input array
[mpiexec@sh03-01n02.int] HYD_uii_mpx_get_parameters (ui/mpich/utils.c:1694): unable to parse user arguments
[mpiexec@sh03-01n02.int] main (ui/mpich/mpiexec.c:148): error parsing parameters
[mpiexec@sh03-01n02.int] match_arg (utils/args/args.c:163): unrecognized argument w
[mpiexec@sh03-01n02.int] HYDU_parse_array (utils/args/args.c:178): argument matching returned error
[mpiexec@sh03-01n02.int] parse_args (ui/mpich/utils.c:1642): error parsing input array
[mpiexec@sh03-01n02.int] HYD_uii_mpx_get_parameters (ui/mpich/utils.c:1694): unable to parse user arguments
[mpiexec@sh03-01n02.int] main (ui/mpich/mpiexec.c:148): error parsing parameters
[mpiexec@sh03-01n02.int] match_arg (utils/args/args.c:163): unrecognized argument w
[mpiexec@sh03-01n02.int] HYDU_parse_array (utils/args/args.c:178): argument matching returned error
[mpiexec@sh03-01n02.int] parse_args (ui/mpich/utils.c:1642): error parsing input array
[mpiexec@sh03-01n02.int] HYD_uii_mpx_get_parameters (ui/mpich/utils.c:1694): unable to parse user arguments
[mpiexec@sh03-01n02.int] main (ui/mpich/mpiexec.c:148): error parsing parameters
[mpiexec@sh03-01n02.int] match_arg (utils/args/args.c:163): unrecognized argument w
[mpiexec@sh03-01n02.int] HYDU_parse_array (utils/args/args.c:178): argument matching returned error
[mpiexec@sh03-01n02.int] parse_args (ui/mpich/utils.c:1642): error parsing input array
[mpiexec@sh03-01n02.int] HYD_uii_mpx_get_parameters (ui/mpich/utils.c:1694): unable to parse user arguments
[mpiexec@sh03-01n02.int] main (ui/mpich/mpiexec.c:148): error parsing parameters
[mpiexec@sh03-01n02.int] match_arg (utils/args/args.c:163): unrecognized argument w
[mpiexec@sh03-01n02.int] HYDU_parse_array (utils/args/args.c:178): argument matching returned error
[mpiexec@sh03-01n02.int] parse_args (ui/mpich/utils.c:1642): error parsing input array
[mpiexec@sh03-01n02.int] HYD_uii_mpx_get_parameters (ui/mpich/utils.c:1694): unable to parse user arguments
[mpiexec@sh03-01n02.int] main (ui/mpich/mpiexec.c:148): error parsing parameters
[mpiexec@sh03-01n02.int] match_arg (utils/args/args.c:163): unrecognized argument w
[mpiexec@sh03-01n02.int] HYDU_parse_array (utils/args/args.c:178): argument matching returned error
[mpiexec@sh03-01n02.int] parse_args (ui/mpich/utils.c:1642): error parsing input array
[mpiexec@sh03-01n02.int] HYD_uii_mpx_get_parameters (ui/mpich/utils.c:1694): unable to parse user arguments
[mpiexec@sh03-01n02.int] main (ui/mpich/mpiexec.c:148): error parsing parameters
[mpiexec@sh03-01n02.int] match_arg (utils/args/args.c:163): unrecognized argument w
[mpiexec@sh03-01n02.int] HYDU_parse_array (utils/args/args.c:178): argument matching returned error
[mpiexec@sh03-01n02.int] parse_args (ui/mpich/utils.c:1642): error parsing input array
[mpiexec@sh03-01n02.int] HYD_uii_mpx_get_parameters (ui/mpich/utils.c:1694): unable to parse user arguments
[mpiexec@sh03-01n02.int] main (ui/mpich/mpiexec.c:148): error parsing parameters
[mpiexec@sh03-01n02.int] match_arg (utils/args/args.c:163): unrecognized argument w
[mpiexec@sh03-01n02.int] HYDU_parse_array (utils/args/args.c:178): argument matching returned error
[mpiexec@sh03-01n02.int] parse_args (ui/mpich/utils.c:1642): error parsing input array
[mpiexec@sh03-01n02.int] HYD_uii_mpx_get_parameters (ui/mpich/utils.c:1694): unable to parse user arguments
[mpiexec@sh03-01n02.int] main (ui/mpich/mpiexec.c:148): error parsing parameters
[mpiexec@sh03-01n02.int] match_arg (utils/args/args.c:163): unrecognized argument w
[mpiexec@sh03-01n02.int] HYDU_parse_array (utils/args/args.c:178): argument matching returned error
[mpiexec@sh03-01n02.int] parse_args (ui/mpich/utils.c:1642): error parsing input array
[mpiexec@sh03-01n02.int] HYD_uii_mpx_get_parameters (ui/mpich/utils.c:1694): unable to parse user arguments
[mpiexec@sh03-01n02.int] main (ui/mpich/mpiexec.c:148): error parsing parameters
[mpiexec@sh03-01n02.int] match_arg (utils/args/args.c:163): unrecognized argument w
[mpiexec@sh03-01n02.int] HYDU_parse_array (utils/args/args.c:178): argument matching returned error
[mpiexec@sh03-01n02.int] parse_args (ui/mpich/utils.c:1642): error parsing input array
[mpiexec@sh03-01n02.int] HYD_uii_mpx_get_parameters (ui/mpich/utils.c:1694): unable to parse user arguments
[mpiexec@sh03-01n02.int] main (ui/mpich/mpiexec.c:148): error parsing parameters
[mpiexec@sh03-01n02.int] match_arg (utils/args/args.c:163): unrecognized argument w
[mpiexec@sh03-01n02.int] HYDU_parse_array (utils/args/args.c:178): argument matching returned error
[mpiexec@sh03-01n02.int] parse_args (ui/mpich/utils.c:1642): error parsing input array
[mpiexec@sh03-01n02.int] HYD_uii_mpx_get_parameters (ui/mpich/utils.c:1694): unable to parse user arguments
[mpiexec@sh03-01n02.int] main (ui/mpich/mpiexec.c:148): error parsing parameters
[mpiexec@sh03-01n02.int] match_arg (utils/args/args.c:163): unrecognized argument w
[mpiexec@sh03-01n02.int] HYDU_parse_array (utils/args/args.c:178): argument matching returned error
[mpiexec@sh03-01n02.int] parse_args (ui/mpich/utils.c:1642): error parsing input array
[mpiexec@sh03-01n02.int] HYD_uii_mpx_get_parameters (ui/mpich/utils.c:1694): unable to parse user arguments
[mpiexec@sh03-01n02.int] main (ui/mpich/mpiexec.c:148): error parsing parameters
[mpiexec@sh03-01n02.int] match_arg (utils/args/args.c:163): unrecognized argument w
[mpiexec@sh03-01n02.int] HYDU_parse_array (utils/args/args.c:178): argument matching returned error
[mpiexec@sh03-01n02.int] parse_args (ui/mpich/utils.c:1642): error parsing input array
[mpiexec@sh03-01n02.int] HYD_uii_mpx_get_parameters (ui/mpich/utils.c:1694): unable to parse user arguments
[mpiexec@sh03-01n02.int] main (ui/mpich/mpiexec.c:148): error parsing parameters
[mpiexec@sh03-01n02.int] match_arg (utils/args/args.c:163): unrecognized argument w
[mpiexec@sh03-01n02.int] HYDU_parse_array (utils/args/args.c:178): argument matching returned error
[mpiexec@sh03-01n02.int] parse_args (ui/mpich/utils.c:1642): error parsing input array
[mpiexec@sh03-01n02.int] HYD_uii_mpx_get_parameters (ui/mpich/utils.c:1694): unable to parse user arguments
[mpiexec@sh03-01n02.int] main (ui/mpich/mpiexec.c:148): error parsing parameters
[mpiexec@sh03-01n02.int] match_arg (utils/args/args.c:163): unrecognized argument w
[mpiexec@sh03-01n02.int] HYDU_parse_array (utils/args/args.c:178): argument matching returned error
[mpiexec@sh03-01n02.int] parse_args (ui/mpich/utils.c:1642): error parsing input array
[mpiexec@sh03-01n02.int] HYD_uii_mpx_get_parameters (ui/mpich/utils.c:1694): unable to parse user arguments
[mpiexec@sh03-01n02.int] main (ui/mpich/mpiexec.c:148): error parsing parameters
[mpiexec@sh03-01n02.int] match_arg (utils/args/args.c:163): unrecognized argument w
[mpiexec@sh03-01n02.int] HYDU_parse_array (utils/args/args.c:178): argument matching returned error
[mpiexec@sh03-01n02.int] parse_args (ui/mpich/utils.c:1642): error parsing input array
[mpiexec@sh03-01n02.int] HYD_uii_mpx_get_parameters (ui/mpich/utils.c:1694): unable to parse user arguments
[mpiexec@sh03-01n02.int] main (ui/mpich/mpiexec.c:148): error parsing parameters
[mpiexec@sh03-01n02.int] match_arg (utils/args/args.c:163): unrecognized argument w
[mpiexec@sh03-01n02.int] HYDU_parse_array (utils/args/args.c:178): argument matching returned error
[mpiexec@sh03-01n02.int] parse_args (ui/mpich/utils.c:1642): error parsing input array
[mpiexec@sh03-01n02.int] HYD_uii_mpx_get_parameters (ui/mpich/utils.c:1694): unable to parse user arguments
[mpiexec@sh03-01n02.int] main (ui/mpich/mpiexec.c:148): error parsing parameters
[mpiexec@sh03-01n02.int] match_arg (utils/args/args.c:163): unrecognized argument w
[mpiexec@sh03-01n02.int] HYDU_parse_array (utils/args/args.c:178): argument matching returned error
[mpiexec@sh03-01n02.int] parse_args (ui/mpich/utils.c:1642): error parsing input array
[mpiexec@sh03-01n02.int] HYD_uii_mpx_get_parameters (ui/mpich/utils.c:1694): unable to parse user arguments
[mpiexec@sh03-01n02.int] main (ui/mpich/mpiexec.c:148): error parsing parameters
[mpiexec@sh03-01n02.int] match_arg (utils/args/args.c:163): unrecognized argument w
[mpiexec@sh03-01n02.int] HYDU_parse_array (utils/args/args.c:178): argument matching returned error
[mpiexec@sh03-01n02.int] parse_args (ui/mpich/utils.c:1642): error parsing input array
[mpiexec@sh03-01n02.int] HYD_uii_mpx_get_parameters (ui/mpich/utils.c:1694): unable to parse user arguments
[mpiexec@sh03-01n02.int] main (ui/mpich/mpiexec.c:148): error parsing parameters
[mpiexec@sh03-01n02.int] match_arg (utils/args/args.c:163): unrecognized argument w
[mpiexec@sh03-01n02.int] HYDU_parse_array (utils/args/args.c:178): argument matching returned error
[mpiexec@sh03-01n02.int] parse_args (ui/mpich/utils.c:1642): error parsing input array
[mpiexec@sh03-01n02.int] HYD_uii_mpx_get_parameters (ui/mpich/utils.c:1694): unable to parse user arguments
[mpiexec@sh03-01n02.int] main (ui/mpich/mpiexec.c:148): error parsing parameters
[mpiexec@sh03-01n02.int] match_arg (utils/args/args.c:163): unrecognized argument w
[mpiexec@sh03-01n02.int] HYDU_parse_array (utils/args/args.c:178): argument matching returned error
[mpiexec@sh03-01n02.int] parse_args (ui/mpich/utils.c:1642): error parsing input array
[mpiexec@sh03-01n02.int] HYD_uii_mpx_get_parameters (ui/mpich/utils.c:1694): unable to parse user arguments
[mpiexec@sh03-01n02.int] main (ui/mpich/mpiexec.c:148): error parsing parameters
[mpiexec@sh03-01n02.int] match_arg (utils/args/args.c:163): unrecognized argument w
[mpiexec@sh03-01n02.int] HYDU_parse_array (utils/args/args.c:178): argument matching returned error
[mpiexec@sh03-01n02.int] parse_args (ui/mpich/utils.c:1642): error parsing input array
[mpiexec@sh03-01n02.int] HYD_uii_mpx_get_parameters (ui/mpich/utils.c:1694): unable to parse user arguments
[mpiexec@sh03-01n02.int] main (ui/mpich/mpiexec.c:148): error parsing parameters
[mpiexec@sh03-01n02.int] match_arg (utils/args/args.c:163): unrecognized argument w
[mpiexec@sh03-01n02.int] HYDU_parse_array (utils/args/args.c:178): argument matching returned error
[mpiexec@sh03-01n02.int] parse_args (ui/mpich/utils.c:1642): error parsing input array
[mpiexec@sh03-01n02.int] HYD_uii_mpx_get_parameters (ui/mpich/utils.c:1694): unable to parse user arguments
[mpiexec@sh03-01n02.int] main (ui/mpich/mpiexec.c:148): error parsing parameters
[mpiexec@sh03-01n02.int] match_arg (utils/args/args.c:163): unrecognized argument w
[mpiexec@sh03-01n02.int] HYDU_parse_array (utils/args/args.c:178): argument matching returned error
[mpiexec@sh03-01n02.int] parse_args (ui/mpich/utils.c:1642): error parsing input array
[mpiexec@sh03-01n02.int] HYD_uii_mpx_get_parameters (ui/mpich/utils.c:1694): unable to parse user arguments
[mpiexec@sh03-01n02.int] main (ui/mpich/mpiexec.c:148): error parsing parameters
[mpiexec@sh03-01n02.int] match_arg (utils/args/args.c:163): unrecognized argument w
[mpiexec@sh03-01n02.int] HYDU_parse_array (utils/args/args.c:178): argument matching returned error
[mpiexec@sh03-01n02.int] parse_args (ui/mpich/utils.c:1642): error parsing input array
[mpiexec@sh03-01n02.int] HYD_uii_mpx_get_parameters (ui/mpich/utils.c:1694): unable to parse user arguments
[mpiexec@sh03-01n02.int] main (ui/mpich/mpiexec.c:148): error parsing parameters
[mpiexec@sh03-01n02.int] match_arg (utils/args/args.c:163): unrecognized argument w
[mpiexec@sh03-01n02.int] HYDU_parse_array (utils/args/args.c:178): argument matching returned error
[mpiexec@sh03-01n02.int] parse_args (ui/mpich/utils.c:1642): error parsing input array
[mpiexec@sh03-01n02.int] HYD_uii_mpx_get_parameters (ui/mpich/utils.c:1694): unable to parse user arguments
[mpiexec@sh03-01n02.int] main (ui/mpich/mpiexec.c:148): error parsing parameters
[mpiexec@sh03-01n02.int] match_arg (utils/args/args.c:163): unrecognized argument w
[mpiexec@sh03-01n02.int] HYDU_parse_array (utils/args/args.c:178): argument matching returned error
[mpiexec@sh03-01n02.int] parse_args (ui/mpich/utils.c:1642): error parsing input array
[mpiexec@sh03-01n02.int] HYD_uii_mpx_get_parameters (ui/mpich/utils.c:1694): unable to parse user arguments
[mpiexec@sh03-01n02.int] main (ui/mpich/mpiexec.c:148): error parsing parameters
[mpiexec@sh03-01n02.int] match_arg (utils/args/args.c:163): unrecognized argument w
[mpiexec@sh03-01n02.int] HYDU_parse_array (utils/args/args.c:178): argument matching returned error
[mpiexec@sh03-01n02.int] parse_args (ui/mpich/utils.c:1642): error parsing input array
[mpiexec@sh03-01n02.int] HYD_uii_mpx_get_parameters (ui/mpich/utils.c:1694): unable to parse user arguments
[mpiexec@sh03-01n02.int] main (ui/mpich/mpiexec.c:148): error parsing parameters
[mpiexec@sh03-01n02.int] match_arg (utils/args/args.c:163): unrecognized argument w
[mpiexec@sh03-01n02.int] HYDU_parse_array (utils/args/args.c:178): argument matching returned error
[mpiexec@sh03-01n02.int] parse_args (ui/mpich/utils.c:1642): error parsing input array
[mpiexec@sh03-01n02.int] HYD_uii_mpx_get_parameters (ui/mpich/utils.c:1694): unable to parse user arguments
[mpiexec@sh03-01n02.int] main (ui/mpich/mpiexec.c:148): error parsing parameters
[mpiexec@sh03-01n02.int] match_arg (utils/args/args.c:163): unrecognized argument w
[mpiexec@sh03-01n02.int] HYDU_parse_array (utils/args/args.c:178): argument matching returned error
[mpiexec@sh03-01n02.int] parse_args (ui/mpich/utils.c:1642): error parsing input array
[mpiexec@sh03-01n02.int] HYD_uii_mpx_get_parameters (ui/mpich/utils.c:1694): unable to parse user arguments
[mpiexec@sh03-01n02.int] main (ui/mpich/mpiexec.c:148): error parsing parameters
[mpiexec@sh03-01n02.int] match_arg (utils/args/args.c:163): unrecognized argument w
[mpiexec@sh03-01n02.int] HYDU_parse_array (utils/args/args.c:178): argument matching returned error
[mpiexec@sh03-01n02.int] parse_args (ui/mpich/utils.c:1642): error parsing input array
[mpiexec@sh03-01n02.int] HYD_uii_mpx_get_parameters (ui/mpich/utils.c:1694): unable to parse user arguments
[mpiexec@sh03-01n02.int] main (ui/mpich/mpiexec.c:148): error parsing parameters
[mpiexec@sh03-01n02.int] match_arg (utils/args/args.c:163): unrecognized argument w
[mpiexec@sh03-01n02.int] HYDU_parse_array (utils/args/args.c:178): argument matching returned error
[mpiexec@sh03-01n02.int] parse_args (ui/mpich/utils.c:1642): error parsing input array
[mpiexec@sh03-01n02.int] HYD_uii_mpx_get_parameters (ui/mpich/utils.c:1694): unable to parse user arguments
[mpiexec@sh03-01n02.int] main (ui/mpich/mpiexec.c:148): error parsing parameters
[mpiexec@sh03-01n02.int] match_arg (utils/args/args.c:163): unrecognized argument w
[mpiexec@sh03-01n02.int] HYDU_parse_array (utils/args/args.c:178): argument matching returned error
[mpiexec@sh03-01n02.int] parse_args (ui/mpich/utils.c:1642): error parsing input array
[mpiexec@sh03-01n02.int] HYD_uii_mpx_get_parameters (ui/mpich/utils.c:1694): unable to parse user arguments
[mpiexec@sh03-01n02.int] main (ui/mpich/mpiexec.c:148): error parsing parameters
[mpiexec@sh03-01n02.int] match_arg (utils/args/args.c:163): unrecognized argument w
[mpiexec@sh03-01n02.int] HYDU_parse_array (utils/args/args.c:178): argument matching returned error
[mpiexec@sh03-01n02.int] parse_args (ui/mpich/utils.c:1642): error parsing input array
[mpiexec@sh03-01n02.int] HYD_uii_mpx_get_parameters (ui/mpich/utils.c:1694): unable to parse user arguments
[mpiexec@sh03-01n02.int] main (ui/mpich/mpiexec.c:148): error parsing parameters
[mpiexec@sh03-01n02.int] match_arg (utils/args/args.c:163): unrecognized argument w
[mpiexec@sh03-01n02.int] HYDU_parse_array (utils/args/args.c:178): argument matching returned error
[mpiexec@sh03-01n02.int] parse_args (ui/mpich/utils.c:1642): error parsing input array
[mpiexec@sh03-01n02.int] HYD_uii_mpx_get_parameters (ui/mpich/utils.c:1694): unable to parse user arguments
[mpiexec@sh03-01n02.int] main (ui/mpich/mpiexec.c:148): error parsing parameters
[mpiexec@sh03-01n02.int] match_arg (utils/args/args.c:163): unrecognized argument w
[mpiexec@sh03-01n02.int] HYDU_parse_array (utils/args/args.c:178): argument matching returned error
[mpiexec@sh03-01n02.int] parse_args (ui/mpich/utils.c:1642): error parsing input array
[mpiexec@sh03-01n02.int] HYD_uii_mpx_get_parameters (ui/mpich/utils.c:1694): unable to parse user arguments
[mpiexec@sh03-01n02.int] main (ui/mpich/mpiexec.c:148): error parsing parameters
[mpiexec@sh03-01n02.int] match_arg (utils/args/args.c:163): unrecognized argument w
[mpiexec@sh03-01n02.int] HYDU_parse_array (utils/args/args.c:178): argument matching returned error
[mpiexec@sh03-01n02.int] parse_args (ui/mpich/utils.c:1642): error parsing input array
[mpiexec@sh03-01n02.int] HYD_uii_mpx_get_parameters (ui/mpich/utils.c:1694): unable to parse user arguments
[mpiexec@sh03-01n02.int] main (ui/mpich/mpiexec.c:148): error parsing parameters
[mpiexec@sh03-01n02.int] match_arg (utils/args/args.c:163): unrecognized argument w
[mpiexec@sh03-01n02.int] HYDU_parse_array (utils/args/args.c:178): argument matching returned error
[mpiexec@sh03-01n02.int] parse_args (ui/mpich/utils.c:1642): error parsing input array
[mpiexec@sh03-01n02.int] HYD_uii_mpx_get_parameters (ui/mpich/utils.c:1694): unable to parse user arguments
[mpiexec@sh03-01n02.int] main (ui/mpich/mpiexec.c:148): error parsing parameters
[mpiexec@sh03-01n02.int] match_arg (utils/args/args.c:163): unrecognized argument w
[mpiexec@sh03-01n02.int] HYDU_parse_array (utils/args/args.c:178): argument matching returned error
[mpiexec@sh03-01n02.int] parse_args (ui/mpich/utils.c:1642): error parsing input array
[mpiexec@sh03-01n02.int] HYD_uii_mpx_get_parameters (ui/mpich/utils.c:1694): unable to parse user arguments
[mpiexec@sh03-01n02.int] main (ui/mpich/mpiexec.c:148): error parsing parameters
[mpiexec@sh03-01n02.int] match_arg (utils/args/args.c:163): unrecognized argument w
[mpiexec@sh03-01n02.int] HYDU_parse_array (utils/args/args.c:178): argument matching returned error
[mpiexec@sh03-01n02.int] parse_args (ui/mpich/utils.c:1642): error parsing input array
[mpiexec@sh03-01n02.int] HYD_uii_mpx_get_parameters (ui/mpich/utils.c:1694): unable to parse user arguments
[mpiexec@sh03-01n02.int] main (ui/mpich/mpiexec.c:148): error parsing parameters
[mpiexec@sh03-01n02.int] match_arg (utils/args/args.c:163): unrecognized argument w
[mpiexec@sh03-01n02.int] HYDU_parse_array (utils/args/args.c:178): argument matching returned error
[mpiexec@sh03-01n02.int] parse_args (ui/mpich/utils.c:1642): error parsing input array
[mpiexec@sh03-01n02.int] HYD_uii_mpx_get_parameters (ui/mpich/utils.c:1694): unable to parse user arguments
[mpiexec@sh03-01n02.int] main (ui/mpich/mpiexec.c:148): error parsing parameters
[mpiexec@sh03-01n02.int] match_arg (utils/args/args.c:163): unrecognized argument w
[mpiexec@sh03-01n02.int] HYDU_parse_array (utils/args/args.c:178): argument matching returned error
[mpiexec@sh03-01n02.int] parse_args (ui/mpich/utils.c:1642): error parsing input array
[mpiexec@sh03-01n02.int] HYD_uii_mpx_get_parameters (ui/mpich/utils.c:1694): unable to parse user arguments
[mpiexec@sh03-01n02.int] main (ui/mpich/mpiexec.c:148): error parsing parameters
[mpiexec@sh03-01n02.int] match_arg (utils/args/args.c:163): unrecognized argument w
[mpiexec@sh03-01n02.int] HYDU_parse_array (utils/args/args.c:178): argument matching returned error
[mpiexec@sh03-01n02.int] parse_args (ui/mpich/utils.c:1642): error parsing input array
[mpiexec@sh03-01n02.int] HYD_uii_mpx_get_parameters (ui/mpich/utils.c:1694): unable to parse user arguments
[mpiexec@sh03-01n02.int] main (ui/mpich/mpiexec.c:148): error parsing parameters
[mpiexec@sh03-01n02.int] match_arg (utils/args/args.c:163): unrecognized argument w
[mpiexec@sh03-01n02.int] HYDU_parse_array (utils/args/args.c:178): argument matching returned error
[mpiexec@sh03-01n02.int] parse_args (ui/mpich/utils.c:1642): error parsing input array
[mpiexec@sh03-01n02.int] HYD_uii_mpx_get_parameters (ui/mpich/utils.c:1694): unable to parse user arguments
[mpiexec@sh03-01n02.int] main (ui/mpich/mpiexec.c:148): error parsing parameters
[mpiexec@sh03-01n02.int] match_arg (utils/args/args.c:163): unrecognized argument w
[mpiexec@sh03-01n02.int] HYDU_parse_array (utils/args/args.c:178): argument matching returned error
[mpiexec@sh03-01n02.int] parse_args (ui/mpich/utils.c:1642): error parsing input array
[mpiexec@sh03-01n02.int] HYD_uii_mpx_get_parameters (ui/mpich/utils.c:1694): unable to parse user arguments
[mpiexec@sh03-01n02.int] main (ui/mpich/mpiexec.c:148): error parsing parameters
[mpiexec@sh03-01n02.int] match_arg (utils/args/args.c:163): unrecognized argument w
[mpiexec@sh03-01n02.int] HYDU_parse_array (utils/args/args.c:178): argument matching returned error
[mpiexec@sh03-01n02.int] parse_args (ui/mpich/utils.c:1642): error parsing input array
[mpiexec@sh03-01n02.int] HYD_uii_mpx_get_parameters (ui/mpich/utils.c:1694): unable to parse user arguments
[mpiexec@sh03-01n02.int] main (ui/mpich/mpiexec.c:148): error parsing parameters
[mpiexec@sh03-01n02.int] match_arg (utils/args/args.c:163): unrecognized argument w
[mpiexec@sh03-01n02.int] HYDU_parse_array (utils/args/args.c:178): argument matching returned error
[mpiexec@sh03-01n02.int] parse_args (ui/mpich/utils.c:1642): error parsing input array
[mpiexec@sh03-01n02.int] HYD_uii_mpx_get_parameters (ui/mpich/utils.c:1694): unable to parse user arguments
[mpiexec@sh03-01n02.int] main (ui/mpich/mpiexec.c:148): error parsing parameters
[mpiexec@sh03-01n02.int] match_arg (utils/args/args.c:163): unrecognized argument w
[mpiexec@sh03-01n02.int] HYDU_parse_array (utils/args/args.c:178): argument matching returned error
[mpiexec@sh03-01n02.int] parse_args (ui/mpich/utils.c:1642): error parsing input array
[mpiexec@sh03-01n02.int] HYD_uii_mpx_get_parameters (ui/mpich/utils.c:1694): unable to parse user arguments
[mpiexec@sh03-01n02.int] main (ui/mpich/mpiexec.c:148): error parsing parameters
[mpiexec@sh03-01n02.int] match_arg (utils/args/args.c:163): unrecognized argument w
[mpiexec@sh03-01n02.int] HYDU_parse_array (utils/args/args.c:178): argument matching returned error
[mpiexec@sh03-01n02.int] parse_args (ui/mpich/utils.c:1642): error parsing input array
[mpiexec@sh03-01n02.int] HYD_uii_mpx_get_parameters (ui/mpich/utils.c:1694): unable to parse user arguments
[mpiexec@sh03-01n02.int] main (ui/mpich/mpiexec.c:148): error parsing parameters
[mpiexec@sh03-01n02.int] match_arg (utils/args/args.c:163): unrecognized argument w
[mpiexec@sh03-01n02.int] HYDU_parse_array (utils/args/args.c:178): argument matching returned error
[mpiexec@sh03-01n02.int] parse_args (ui/mpich/utils.c:1642): error parsing input array
[mpiexec@sh03-01n02.int] HYD_uii_mpx_get_parameters (ui/mpich/utils.c:1694): unable to parse user arguments
[mpiexec@sh03-01n02.int] main (ui/mpich/mpiexec.c:148): error parsing parameters
[mpiexec@sh03-01n02.int] match_arg (utils/args/args.c:163): unrecognized argument w
[mpiexec@sh03-01n02.int] HYDU_parse_array (utils/args/args.c:178): argument matching returned error
[mpiexec@sh03-01n02.int] parse_args (ui/mpich/utils.c:1642): error parsing input array
[mpiexec@sh03-01n02.int] HYD_uii_mpx_get_parameters (ui/mpich/utils.c:1694): unable to parse user arguments
[mpiexec@sh03-01n02.int] main (ui/mpich/mpiexec.c:148): error parsing parameters
[mpiexec@sh03-01n02.int] match_arg (utils/args/args.c:163): unrecognized argument w
[mpiexec@sh03-01n02.int] HYDU_parse_array (utils/args/args.c:178): argument matching returned error
[mpiexec@sh03-01n02.int] parse_args (ui/mpich/utils.c:1642): error parsing input array
[mpiexec@sh03-01n02.int] HYD_uii_mpx_get_parameters (ui/mpich/utils.c:1694): unable to parse user arguments
[mpiexec@sh03-01n02.int] main (ui/mpich/mpiexec.c:148): error parsing parameters
[mpiexec@sh03-01n02.int] match_arg (utils/args/args.c:163): unrecognized argument w
[mpiexec@sh03-01n02.int] HYDU_parse_array (utils/args/args.c:178): argument matching returned error
[mpiexec@sh03-01n02.int] parse_args (ui/mpich/utils.c:1642): error parsing input array
[mpiexec@sh03-01n02.int] HYD_uii_mpx_get_parameters (ui/mpich/utils.c:1694): unable to parse user arguments
[mpiexec@sh03-01n02.int] main (ui/mpich/mpiexec.c:148): error parsing parameters
[mpiexec@sh03-01n02.int] match_arg (utils/args/args.c:163): unrecognized argument w
[mpiexec@sh03-01n02.int] HYDU_parse_array (utils/args/args.c:178): argument matching returned error
[mpiexec@sh03-01n02.int] parse_args (ui/mpich/utils.c:1642): error parsing input array
[mpiexec@sh03-01n02.int] HYD_uii_mpx_get_parameters (ui/mpich/utils.c:1694): unable to parse user arguments
[mpiexec@sh03-01n02.int] main (ui/mpich/mpiexec.c:148): error parsing parameters
[mpiexec@sh03-01n02.int] match_arg (utils/args/args.c:163): unrecognized argument w
[mpiexec@sh03-01n02.int] HYDU_parse_array (utils/args/args.c:178): argument matching returned error
[mpiexec@sh03-01n02.int] parse_args (ui/mpich/utils.c:1642): error parsing input array
[mpiexec@sh03-01n02.int] HYD_uii_mpx_get_parameters (ui/mpich/utils.c:1694): unable to parse user arguments
[mpiexec@sh03-01n02.int] main (ui/mpich/mpiexec.c:148): error parsing parameters
[mpiexec@sh03-01n02.int] match_arg (utils/args/args.c:163): unrecognized argument w
[mpiexec@sh03-01n02.int] HYDU_parse_array (utils/args/args.c:178): argument matching returned error
[mpiexec@sh03-01n02.int] parse_args (ui/mpich/utils.c:1642): error parsing input array
[mpiexec@sh03-01n02.int] HYD_uii_mpx_get_parameters (ui/mpich/utils.c:1694): unable to parse user arguments
[mpiexec@sh03-01n02.int] main (ui/mpich/mpiexec.c:148): error parsing parameters
[mpiexec@sh03-01n02.int] match_arg (utils/args/args.c:163): unrecognized argument w
[mpiexec@sh03-01n02.int] HYDU_parse_array (utils/args/args.c:178): argument matching returned error
[mpiexec@sh03-01n02.int] parse_args (ui/mpich/utils.c:1642): error parsing input array
[mpiexec@sh03-01n02.int] HYD_uii_mpx_get_parameters (ui/mpich/utils.c:1694): unable to parse user arguments
[mpiexec@sh03-01n02.int] main (ui/mpich/mpiexec.c:148): error parsing parameters
[mpiexec@sh03-01n02.int] match_arg (utils/args/args.c:163): unrecognized argument w
[mpiexec@sh03-01n02.int] HYDU_parse_array (utils/args/args.c:178): argument matching returned error
[mpiexec@sh03-01n02.int] parse_args (ui/mpich/utils.c:1642): error parsing input array
[mpiexec@sh03-01n02.int] HYD_uii_mpx_get_parameters (ui/mpich/utils.c:1694): unable to parse user arguments
[mpiexec@sh03-01n02.int] main (ui/mpich/mpiexec.c:148): error parsing parameters
[mpiexec@sh03-01n02.int] match_arg (utils/args/args.c:163): unrecognized argument w
[mpiexec@sh03-01n02.int] HYDU_parse_array (utils/args/args.c:178): argument matching returned error
[mpiexec@sh03-01n02.int] parse_args (ui/mpich/utils.c:1642): error parsing input array
[mpiexec@sh03-01n02.int] HYD_uii_mpx_get_parameters (ui/mpich/utils.c:1694): unable to parse user arguments
[mpiexec@sh03-01n02.int] main (ui/mpich/mpiexec.c:148): error parsing parameters
[mpiexec@sh03-01n02.int] match_arg (utils/args/args.c:163): unrecognized argument w
[mpiexec@sh03-01n02.int] HYDU_parse_array (utils/args/args.c:178): argument matching returned error
[mpiexec@sh03-01n02.int] parse_args (ui/mpich/utils.c:1642): error parsing input array
[mpiexec@sh03-01n02.int] HYD_uii_mpx_get_parameters (ui/mpich/utils.c:1694): unable to parse user arguments
[mpiexec@sh03-01n02.int] main (ui/mpich/mpiexec.c:148): error parsing parameters
[mpiexec@sh03-01n02.int] match_arg (utils/args/args.c:163): unrecognized argument w
[mpiexec@sh03-01n02.int] HYDU_parse_array (utils/args/args.c:178): argument matching returned error
[mpiexec@sh03-01n02.int] parse_args (ui/mpich/utils.c:1642): error parsing input array
[mpiexec@sh03-01n02.int] HYD_uii_mpx_get_parameters (ui/mpich/utils.c:1694): unable to parse user arguments
[mpiexec@sh03-01n02.int] main (ui/mpich/mpiexec.c:148): error parsing parameters
[mpiexec@sh03-01n02.int] match_arg (utils/args/args.c:163): unrecognized argument w
[mpiexec@sh03-01n02.int] HYDU_parse_array (utils/args/args.c:178): argument matching returned error
[mpiexec@sh03-01n02.int] parse_args (ui/mpich/utils.c:1642): error parsing input array
[mpiexec@sh03-01n02.int] HYD_uii_mpx_get_parameters (ui/mpich/utils.c:1694): unable to parse user arguments
[mpiexec@sh03-01n02.int] main (ui/mpich/mpiexec.c:148): error parsing parameters
[mpiexec@sh03-01n02.int] match_arg (utils/args/args.c:163): unrecognized argument w
[mpiexec@sh03-01n02.int] HYDU_parse_array (utils/args/args.c:178): argument matching returned error
[mpiexec@sh03-01n02.int] parse_args (ui/mpich/utils.c:1642): error parsing input array
[mpiexec@sh03-01n02.int] HYD_uii_mpx_get_parameters (ui/mpich/utils.c:1694): unable to parse user arguments
[mpiexec@sh03-01n02.int] main (ui/mpich/mpiexec.c:148): error parsing parameters
[mpiexec@sh03-01n02.int] match_arg (utils/args/args.c:163): unrecognized argument w
[mpiexec@sh03-01n02.int] HYDU_parse_array (utils/args/args.c:178): argument matching returned error
[mpiexec@sh03-01n02.int] parse_args (ui/mpich/utils.c:1642): error parsing input array
[mpiexec@sh03-01n02.int] HYD_uii_mpx_get_parameters (ui/mpich/utils.c:1694): unable to parse user arguments
[mpiexec@sh03-01n02.int] main (ui/mpich/mpiexec.c:148): error parsing parameters
[mpiexec@sh03-01n02.int] match_arg (utils/args/args.c:163): unrecognized argument w
[mpiexec@sh03-01n02.int] HYDU_parse_array (utils/args/args.c:178): argument matching returned error
[mpiexec@sh03-01n02.int] parse_args (ui/mpich/utils.c:1642): error parsing input array
[mpiexec@sh03-01n02.int] HYD_uii_mpx_get_parameters (ui/mpich/utils.c:1694): unable to parse user arguments
[mpiexec@sh03-01n02.int] main (ui/mpich/mpiexec.c:148): error parsing parameters
[mpiexec@sh03-01n02.int] match_arg (utils/args/args.c:163): unrecognized argument w
[mpiexec@sh03-01n02.int] HYDU_parse_array (utils/args/args.c:178): argument matching returned error
[mpiexec@sh03-01n02.int] parse_args (ui/mpich/utils.c:1642): error parsing input array
[mpiexec@sh03-01n02.int] HYD_uii_mpx_get_parameters (ui/mpich/utils.c:1694): unable to parse user arguments
[mpiexec@sh03-01n02.int] main (ui/mpich/mpiexec.c:148): error parsing parameters
