nranks: 1
Bigseed is given by 94311
nranks: 1
Bigseed is given by 92836
nranks: 1
Bigseed is given by 47144
a: 1.000000
a: 1.000000
a: 1.000000
TNG
TNG
TNG
nranks: 1
Bigseed is given by 42320
a: 1.000000
TNG
nranks: 1
Bigseed is given by 16302
nranks: 1
Bigseed is given by 24490
nranks: 1
Bigseed is given by 42157
a: 1.000000
a: 1.000000
a: 1.000000
TNG
TNG
TNG
nranks: 1
Bigseed is given by 70239
a: 1.000000
TNG
nranks: 1
Bigseed is given by 45245
a: 1.000000
TNG
nranks: 1
Bigseed is given by 19243
a: 1.000000
TNG
nranks: 1
Bigseed is given by 74006
a: 1.000000
TNG
nranks: 1
Bigseed is given by 53404
a: 1.000000
TNG
nranks: 1
Bigseed is given by 59135
a: 1.000000
TNG
nranks: 1
Bigseed is given by 41801
nranks: 1
Bigseed is given by 8175
a: 1.000000
a: 1.000000
nranks: 1
Bigseed is given by 97341
nranks: 1
Bigseed is given by 40844
nranks: 1
Bigseed is given by 48055
TNG
TNG
a: 1.000000
a: 1.000000
a: 1.000000
TNG
TNG
TNG
nranks: 1
Bigseed is given by 16157
a: 1.000000
TNG
nranks: 1
Bigseed is given by 59621
a: 1.000000
TNG
nranks: 1
Bigseed is given by 78645
a: 1.000000
TNG
nranks: 1
Bigseed is given by 28817
a: 1.000000
TNG
nranks: 1
Bigseed is given by 13427
a: 1.000000
TNG
nranks: 1
Bigseed is given by 86283
a: 1.000000
TNG
nranks: 1
Bigseed is given by 43580
a: 1.000000
TNG
['SubhaloMassType', 'SubhaloSFR', 'SubhaloPos']
['SubhaloMassType', 'SubhaloSFR', 'SubhaloPos']
['SubhaloMassType', 'SubhaloSFR', 'SubhaloPos']
['SubhaloMassType', 'SubhaloSFR', 'SubhaloPos']
['SubhaloMassType', 'SubhaloSFR', 'SubhaloPos']
['SubhaloMassType', 'SubhaloSFR', 'SubhaloPos']
['SubhaloMassType', 'SubhaloSFR', 'SubhaloPos']
['SubhaloMassType', 'SubhaloSFR', 'SubhaloPos']
['SubhaloMassType', 'SubhaloSFR', 'SubhaloPos']
0.0
0.0
0.0
['SubhaloMassType', 'SubhaloSFR', 'SubhaloPos']
0.0
0.0
['SubhaloMassType', 'SubhaloSFR', 'SubhaloPos']
0.0
0.0
0.0
0.0
1e-13
1e-13
0.0
1e-13
0.0
1e-13
1e-13
1e-13
1e-13
1e-13
1.67e+00, 8.33e-04
Mean MPI nbar is 0.000833?
(7175, 3)
Mean MPI nbar is 0.000833
p: (7175, 3)
gal_field: (1250, 1250, 1250)
1.67e+00, 8.33e-04
Mean MPI nbar is 0.000833?
1.67e+00, 8.33e-04
Mean MPI nbar is 0.000833?
1e-13
1.67e+00, 8.33e-04
Mean MPI nbar is 0.000833?
(7175, 3)
Mean MPI nbar is 0.000833
p: (7175, 3)
gal_field: (1250, 1250, 1250)
(7175, 3)
Mean MPI nbar is 0.000833
p: (7175, 3)
gal_field: (1250, 1250, 1250)
(7175, 3)
Mean MPI nbar is 0.000833
p: (7175, 3)
gal_field: (1250, 1250, 1250)
1.67e+00, 8.33e-04
Mean MPI nbar is 0.000833?
1.67e+00, 8.33e-04
Mean MPI nbar is 0.000833?
(7175, 3)
Mean MPI nbar is 0.000833
p: (7175, 3)
gal_field: (1250, 1250, 1250)
1.67e+00, 8.33e-04
Mean MPI nbar is 0.000833?
(7175, 3)
Mean MPI nbar is 0.000833
p: (7175, 3)
gal_field: (1250, 1250, 1250)
(7175, 3)
Mean MPI nbar is 0.000833
p: (7175, 3)
gal_field: (1250, 1250, 1250)
1.67e+00, 8.33e-04
Mean MPI nbar is 0.000833?
1e-13
1e-13
(7175, 3)
Mean MPI nbar is 0.000833
p: (7175, 3)
gal_field: (1250, 1250, 1250)
['SubhaloMassType', 'SubhaloSFR', 'SubhaloPos']
['SubhaloMassType', 'SubhaloSFR', 'SubhaloPos']
1.67e+00, 8.33e-04
Mean MPI nbar is 0.000833?
(7175, 3)
1.67e+00, 8.33e-04
Mean MPI nbar is 0.000833?
Mean MPI nbar is 0.000833
1.67e+00, 8.33e-04
Mean MPI nbar is 0.000833?
p: (7175, 3)
gal_field: (1250, 1250, 1250)
(7175, 3)
Mean MPI nbar is 0.000833
p: (7175, 3)
gal_field: (1250, 1250, 1250)
(7175, 3)
Mean MPI nbar is 0.000833
p: (7175, 3)
gal_field: (1250, 1250, 1250)
['SubhaloMassType', 'SubhaloSFR', 'SubhaloPos']
0.0
0.0
['SubhaloMassType', 'SubhaloSFR', 'SubhaloPos']
0.0
['SubhaloMassType', 'SubhaloSFR', 'SubhaloPos']
['SubhaloMassType', 'SubhaloSFR', 'SubhaloPos']
['SubhaloMassType', 'SubhaloSFR', 'SubhaloPos']
['SubhaloMassType', 'SubhaloSFR', 'SubhaloPos']
1e-13
making overdensity contrast
1e-13
making overdensity contrast
making overdensity contrast
making overdensity contrast
making overdensity contrast
0.0
0.0
0.0
making overdensity contrast
0.0
1e-13
0.0
1.67e+00, 8.33e-04
Mean MPI nbar is 0.000833?
(7175, 3)
Mean MPI nbar is 0.000833
p: (7175, 3)
gal_field: (1250, 1250, 1250)
making overdensity contrast
1.67e+00, 8.33e-04
Mean MPI nbar is 0.000833?
making overdensity contrast
(7175, 3)
Mean MPI nbar is 0.000833
p: (7175, 3)
gal_field: (1250, 1250, 1250)
1.67e+00, 8.33e-04
Mean MPI nbar is 0.000833?
(7175, 3)
making overdensity contrast
Mean MPI nbar is 0.000833
p: (7175, 3)
gal_field: (1250, 1250, 1250)
making overdensity contrast
1e-13
1e-13
1e-13
1e-13
1e-13
['SubhaloMassType', 'SubhaloSFR', 'SubhaloPos']
making overdensity contrast
1.67e+00, 8.33e-04
Mean MPI nbar is 0.000833?
1.67e+00, 8.33e-04
Mean MPI nbar is 0.000833?
1.67e+00, 8.33e-04
Mean MPI nbar is 0.000833?
(7175, 3)
Mean MPI nbar is 0.000833
p: (7175, 3)
gal_field: (1250, 1250, 1250)
(7175, 3)
Mean MPI nbar is 0.000833
p: (7175, 3)
gal_field: (1250, 1250, 1250)
1.67e+00, 8.33e-04
Mean MPI nbar is 0.000833?
(7175, 3)
Mean MPI nbar is 0.000833
p: (7175, 3)
gal_field: (1250, 1250, 1250)
1.67e+00, 8.33e-04
Mean MPI nbar is 0.000833?
(7175, 3)
Mean MPI nbar is 0.000833
p: (7175, 3)
gal_field: (1250, 1250, 1250)
(7175, 3)
Mean MPI nbar is 0.000833
p: (7175, 3)
gal_field: (1250, 1250, 1250)
0.0
slurmstepd: error: Detected 1 oom_kill event in StepId=63342761.0. Some of the step tasks have been OOM Killed.
srun: error: sh02-03n51: task 4: Out Of Memory
srun: Terminating StepId=63342761.0
slurmstepd: error: Detected 1 oom_kill event in StepId=63342761.0. Some of the step tasks have been OOM Killed.
['SubhaloMassType', 'SubhaloSFR', 'SubhaloPos']
slurmstepd: error: Detected 1 oom_kill event in StepId=63342761.0. Some of the step tasks have been OOM Killed.
slurmstepd: error: Detected 1 oom_kill event in StepId=63342761.0. Some of the step tasks have been OOM Killed.
['SubhaloMassType', 'SubhaloSFR', 'SubhaloPos']
['SubhaloMassType', 'SubhaloSFR', 'SubhaloPos']
making overdensity contrast
1e-13
making overdensity contrast
making overdensity contrast
slurmstepd: error: Detected 1 oom_kill event in StepId=63342761.0. Some of the step tasks have been OOM Killed.
1.67e+00, 8.33e-04
Mean MPI nbar is 0.000833?
0.0
(7175, 3)
making overdensity contrast
Mean MPI nbar is 0.000833
p: (7175, 3)
gal_field: (1250, 1250, 1250)
0.0
0.0
making overdensity contrast
making overdensity contrast
making overdensity contrast
slurmstepd: error: *** STEP 63342761.0 ON sh02-03n46 CANCELLED AT 2025-04-16T17:59:45 ***
srun: error: sh02-03n49: task 3: Terminated
slurmstepd: error: Detected 1 oom_kill event in StepId=63342761.0. Some of the step tasks have been OOM Killed.
srun: error: sh02-03n72: task 23: Terminated
srun: error: sh02-03n54: task 8: Terminated
srun: error: sh02-03n72: task 22: Terminated
srun: error: sh02-03n46: task 0: Terminated
srun: error: sh02-03n64: task 14: Terminated
srun: error: sh02-03n65: task 15: Terminated
srun: error: sh02-03n54: task 9: Terminated
srun: error: sh02-03n48: task 1: Terminated
srun: error: sh02-03n69: task 18: Terminated
srun: error: sh02-03n59: task 10: Terminated
srun: error: sh02-03n72: task 24: Terminated
srun: error: sh02-03n70: task 19: Terminated
srun: error: sh02-03n49: task 2: Terminated
srun: Force Terminated StepId=63342761.0
nranks: 1
Bigseed is given by 63691
a: 0.666667
TNG
nranks: 1
Bigseed is given by 5277
a: 0.666667
TNG
nranks: 1
Bigseed is given by 44917
a: 0.666667
nranks: 1
Bigseed is given by 92059
a: 0.666667
TNG
TNG
nranks: 1
Bigseed is given by 49236
a: 0.666667
TNG
nranks: 1
Bigseed is given by 46193
a: 0.666667
TNG
nranks: 1
Bigseed is given by 9005
nranks: 1
Bigseed is given by 69770
a: 0.666667
a: 0.666667
TNG
TNG
nranks: 1
Bigseed is given by 15215
a: 0.666667
TNG
['SubhaloMassType', 'SubhaloSFR', 'SubhaloPos']
['SubhaloMassType', 'SubhaloSFR', 'SubhaloPos']
['SubhaloMassType', 'SubhaloSFR', 'SubhaloPos']
['SubhaloMassType', 'SubhaloSFR', 'SubhaloPos']
['SubhaloMassType', 'SubhaloSFR', 'SubhaloPos']
['SubhaloMassType', 'SubhaloSFR', 'SubhaloPos']
['SubhaloMassType', 'SubhaloSFR', 'SubhaloPos']
['SubhaloMassType', 'SubhaloSFR', 'SubhaloPos']
0.0
0.0
0.0
0.0
0.0
0.0
0.0
0.0
1e-13
1e-13
1e-13
1e-13
1e-13
1e-13
1e-13
1.00e+00, 5.00e-04
Mean MPI nbar is 0.000500?
(4306, 3)
Mean MPI nbar is 0.000500
p: (4306, 3)
gal_field: (1250, 1250, 1250)
1.00e+00, 5.00e-04
Mean MPI nbar is 0.000500?
1.00e+00, 5.00e-04
Mean MPI nbar is 0.000500?
1.00e+00, 5.00e-04
Mean MPI nbar is 0.000500?
1.00e+00, 5.00e-04
Mean MPI nbar is 0.000500?
1.00e+00, 5.00e-04
Mean MPI nbar is 0.000500?
1.00e+00, 5.00e-04
Mean MPI nbar is 0.000500?
1e-13
(4306, 3)
(4306, 3)
Mean MPI nbar is 0.000500
Mean MPI nbar is 0.000500
(4306, 3)
p: (4306, 3)
p: (4306, 3)
Mean MPI nbar is 0.000500
gal_field: (1250, 1250, 1250)
gal_field: (1250, 1250, 1250)
p: (4306, 3)
gal_field: (1250, 1250, 1250)
(4306, 3)
Mean MPI nbar is 0.000500
p: (4306, 3)
gal_field: (1250, 1250, 1250)
(4306, 3)
Mean MPI nbar is 0.000500
p: (4306, 3)
gal_field: (1250, 1250, 1250)
(4306, 3)
Mean MPI nbar is 0.000500
p: (4306, 3)
gal_field: (1250, 1250, 1250)
1.00e+00, 5.00e-04
Mean MPI nbar is 0.000500?
(4306, 3)
Mean MPI nbar is 0.000500
p: (4306, 3)
gal_field: (1250, 1250, 1250)
making overdensity contrast
making overdensity contrast
making overdensity contrast
making overdensity contrast
making overdensity contrast
making overdensity contrast
making overdensity contrast
nranks: 1
Bigseed is given by 95180
a: 0.666667
TNG
making overdensity contrast
slurmstepd: error: Detected 1 oom_kill event in StepId=63342761.1. Some of the step tasks have been OOM Killed.
nranks: 1
Bigseed is given by 8992
a: 0.666667
srun: error: sh02-03n60: task 11: Out Of Memory
srun: Terminating StepId=63342761.1
TNG
slurmstepd: error: *** STEP 63342761.1 ON sh02-03n46 CANCELLED AT 2025-04-16T18:02:00 ***
slurmstepd: error: Detected 1 oom_kill event in StepId=63342761.1. Some of the step tasks have been OOM Killed.
srun: error: sh02-03n72: tasks 23-24: Terminated
srun: error: sh02-03n49: task 3: Terminated
srun: error: sh02-03n54: task 9: Terminated
srun: error: sh02-03n67: task 16: Terminated
slurmstepd: error: Detected 1 oom_kill event in StepId=63342761.1. Some of the step tasks have been OOM Killed.
srun: error: sh02-03n46: task 0: Terminated
srun: error: sh02-03n53: task 7: Terminated
srun: error: sh02-03n59: task 10: Terminated
srun: error: sh02-03n69: task 18: Terminated
srun: error: sh02-03n48: task 1: Terminated
srun: error: sh02-03n51: task 4: Terminated
srun: error: sh02-03n65: task 15: Terminated
srun: error: sh02-03n54: task 8: Terminated
srun: error: sh02-03n72: task 22: Terminated
srun: error: sh02-03n67: task 17: Terminated
srun: error: sh02-03n64: task 14: Terminated
srun: error: sh02-03n70: task 19: Terminated
srun: error: sh02-03n49: task 2: Terminated
srun: Force Terminated StepId=63342761.1
nranks: 1
Bigseed is given by 96439
a: 0.500000
TNG
nranks: 1
Bigseed is given by 99966
a: 0.500000
TNG
nranks: 1
Bigseed is given by 51543
a: 0.500000
TNG
nranks: 1
Bigseed is given by 50052
a: 0.500000
TNG
nranks: 1
Bigseed is given by 97429
a: 0.500000
TNG
nranks: 1
Bigseed is given by 83301
a: 0.500000
TNG
nranks: 1
Bigseed is given by 545
a: 0.500000
TNG
nranks: 1
Bigseed is given by 10639
a: 0.500000
TNG
nranks: 1
Bigseed is given by 94028
a: 0.500000
TNG
nranks: 1
Bigseed is given by 84125
nranks: 1
Bigseed is given by 17394
a: 0.500000
a: 0.500000
TNG
TNG
nranks: 1
Bigseed is given by 72556
a: 0.500000
TNG
nranks: 1
Bigseed is given by 67016
a: 0.500000
TNG
nranks: 1
Bigseed is given by 63521
a: 0.500000
TNG
nranks: 1
Bigseed is given by 59876
a: 0.500000
TNG
nranks: 1
Bigseed is given by 82156
nranks: 1
Bigseed is given by 53714
a: 0.500000
a: 0.500000
TNG
TNG
nranks: 1
Bigseed is given by 54508
nranks: 1
Bigseed is given by 22989
a: 0.500000
a: 0.500000
TNG
TNG
['SubhaloMassType', 'SubhaloSFR', 'SubhaloPos']
['SubhaloMassType', 'SubhaloSFR', 'SubhaloPos']
['SubhaloMassType', 'SubhaloSFR', 'SubhaloPos']
['SubhaloMassType', 'SubhaloSFR', 'SubhaloPos']
['SubhaloMassType', 'SubhaloSFR', 'SubhaloPos']
['SubhaloMassType', 'SubhaloSFR', 'SubhaloPos']
['SubhaloMassType', 'SubhaloSFR', 'SubhaloPos']
['SubhaloMassType', 'SubhaloSFR', 'SubhaloPos']
0.0
0.0
0.0
0.0
0.0
0.0
0.0
0.0
['SubhaloMassType', 'SubhaloSFR', 'SubhaloPos']
['SubhaloMassType', 'SubhaloSFR', 'SubhaloPos']
1e-13
1e-13
1e-13
1e-13
1e-13
['SubhaloMassType', 'SubhaloSFR', 'SubhaloPos']
1e-13
1e-13
1e-13
9.99e-01, 5.00e-04
Mean MPI nbar is 0.000500?
9.99e-01, 5.00e-04
Mean MPI nbar is 0.000500?
(4304, 3)
Mean MPI nbar is 0.000500
p: (4304, 3)
gal_field: (1250, 1250, 1250)
9.99e-01, 5.00e-04
Mean MPI nbar is 0.000500?
(4304, 3)
Mean MPI nbar is 0.000500
p: (4304, 3)
gal_field: (1250, 1250, 1250)
9.99e-01, 5.00e-04
Mean MPI nbar is 0.000500?
(4304, 3)
Mean MPI nbar is 0.000500
p: (4304, 3)
gal_field: (1250, 1250, 1250)
(4304, 3)
Mean MPI nbar is 0.000500
p: (4304, 3)
gal_field: (1250, 1250, 1250)
9.99e-01, 5.00e-04
Mean MPI nbar is 0.000500?
(4304, 3)
Mean MPI nbar is 0.000500
p: (4304, 3)
gal_field: (1250, 1250, 1250)
0.0
9.99e-01, 5.00e-04
Mean MPI nbar is 0.000500?
0.0
(4304, 3)
Mean MPI nbar is 0.000500
p: (4304, 3)
gal_field: (1250, 1250, 1250)
0.0
9.99e-01, 5.00e-04
Mean MPI nbar is 0.000500?
['SubhaloMassType', 'SubhaloSFR', 'SubhaloPos']
9.99e-01, 5.00e-04
Mean MPI nbar is 0.000500?
(4304, 3)
Mean MPI nbar is 0.000500
p: (4304, 3)
(4304, 3)
Mean MPI nbar is 0.000500
p: (4304, 3)
gal_field: (1250, 1250, 1250)
gal_field: (1250, 1250, 1250)
['SubhaloMassType', 'SubhaloSFR', 'SubhaloPos']
1e-13
1e-13
1e-13
0.0
['SubhaloMassType', 'SubhaloSFR', 'SubhaloPos']
9.99e-01, 5.00e-04
Mean MPI nbar is 0.000500?
9.99e-01, 5.00e-04
Mean MPI nbar is 0.000500?
(4304, 3)
Mean MPI nbar is 0.000500
p: (4304, 3)
gal_field: (1250, 1250, 1250)
(4304, 3)
Mean MPI nbar is 0.000500
p: (4304, 3)
gal_field: (1250, 1250, 1250)
0.0
9.99e-01, 5.00e-04
Mean MPI nbar is 0.000500?
(4304, 3)
Mean MPI nbar is 0.000500
p: (4304, 3)
gal_field: (1250, 1250, 1250)
making overdensity contrast
making overdensity contrast
1e-13
0.0
making overdensity contrast
making overdensity contrast
1e-13
making overdensity contrast
making overdensity contrast
making overdensity contrast
making overdensity contrast
9.99e-01, 5.00e-04
Mean MPI nbar is 0.000500?
['SubhaloMassType', 'SubhaloSFR', 'SubhaloPos']
(4304, 3)
Mean MPI nbar is 0.000500
1e-13
p: (4304, 3)
gal_field: (1250, 1250, 1250)
9.99e-01, 5.00e-04
Mean MPI nbar is 0.000500?
(4304, 3)
Mean MPI nbar is 0.000500
p: (4304, 3)
gal_field: (1250, 1250, 1250)
nranks: 1
Bigseed is given by 92252
nranks: 1
Bigseed is given by 66159
a: 0.500000
a: 0.500000
TNG
TNG
nranks: 1
Bigseed is given by 1057
a: 0.500000
TNG
9.99e-01, 5.00e-04
Mean MPI nbar is 0.000500?
(4304, 3)
Mean MPI nbar is 0.000500
p: (4304, 3)
gal_field: (1250, 1250, 1250)
making overdensity contrast
making overdensity contrast
making overdensity contrast
0.0
slurmstepd: error: Detected 1 oom_kill event in StepId=63342761.2. Some of the step tasks have been OOM Killed.
srun: error: sh02-03n54: task 9: Out Of Memory
srun: Terminating StepId=63342761.2
slurmstepd: error: *** STEP 63342761.2 ON sh02-03n46 CANCELLED AT 2025-04-16T18:05:23 ***
srun: error: sh02-03n71: task 21: Terminated
srun: error: sh02-03n60: tasks 12-13: Terminated
srun: error: sh02-03n52: task 5: Terminated
srun: error: sh02-03n49: task 2: Terminated
slurmstepd: error: Detected 1 oom_kill event in StepId=63342761.2. Some of the step tasks have been OOM Killed.
srun: error: sh02-03n71: task 20: Terminated
srun: error: sh02-03n53: task 7: Terminated
slurmstepd: error: Detected 1 oom_kill event in StepId=63342761.2. Some of the step tasks have been OOM Killed.
srun: error: sh02-03n67: task 16: Terminated
srun: error: sh02-03n60: task 11: Terminated
srun: error: sh02-03n59: task 10: Terminated
srun: error: sh02-03n49: task 3: Terminated
slurmstepd: error: Detected 1 oom_kill event in StepId=63342761.2. Some of the step tasks have been OOM Killed.
srun: error: sh02-03n51: task 4: Terminated
slurmstepd: error: Detected 1 oom_kill event in StepId=63342761.2. Some of the step tasks have been OOM Killed.
srun: error: sh02-03n67: task 17: Terminated
srun: error: sh02-03n46: task 0: Terminated
srun: error: sh02-03n70: task 19: Terminated
srun: error: sh02-03n65: task 15: Terminated
srun: error: sh02-03n52: task 6: Terminated
srun: Force Terminated StepId=63342761.2
nranks: 1
Bigseed is given by 56625
a: 0.400000
TNG
nranks: 1
Bigseed is given by 68655
a: 0.400000
TNG
nranks: 1
Bigseed is given by 65177
a: 0.400000
TNG
nranks: 1
Bigseed is given by 66885
a: 0.400000
TNG
nranks: 1
Bigseed is given by 40229
a: 0.400000
nranks: 1
Bigseed is given by 41800
a: 0.400000
TNG
TNG
nranks: 1
Bigseed is given by 91831
a: 0.400000
TNG
nranks: 1
Bigseed is given by 97372
a: 0.400000
TNG
nranks: 1
Bigseed is given by 2301
a: 0.400000
TNG
nranks: 1
Bigseed is given by 40317
a: 0.400000
TNG
['SubhaloMassType', 'SubhaloSFR', 'SubhaloPos']
['SubhaloMassType', 'SubhaloSFR', 'SubhaloPos']
['SubhaloMassType', 'SubhaloSFR', 'SubhaloPos']
['SubhaloMassType', 'SubhaloSFR', 'SubhaloPos']
['SubhaloMassType', 'SubhaloSFR', 'SubhaloPos']
['SubhaloMassType', 'SubhaloSFR', 'SubhaloPos']
['SubhaloMassType', 'SubhaloSFR', 'SubhaloPos']
['SubhaloMassType', 'SubhaloSFR', 'SubhaloPos']
0.0
0.0
0.0
0.0
0.0
0.0
0.0
0.0
1e-13
1e-13
1e-13
1e-13
1e-13
1e-13
1e-13
1e-13
1.00e+00, 5.01e-04
Mean MPI nbar is 0.000501?
1.00e+00, 5.01e-04
Mean MPI nbar is 0.000501?
1.00e+00, 5.01e-04
Mean MPI nbar is 0.000501?
(4313, 3)
Mean MPI nbar is 0.000501
p: (4313, 3)
gal_field: (1250, 1250, 1250)
(4313, 3)
Mean MPI nbar is 0.000501
p: (4313, 3)
gal_field: (1250, 1250, 1250)
1.00e+00, 5.01e-04
Mean MPI nbar is 0.000501?
(4313, 3)
Mean MPI nbar is 0.000501
p: (4313, 3)
gal_field: (1250, 1250, 1250)
(4313, 3)
Mean MPI nbar is 0.000501
p: (4313, 3)
gal_field: (1250, 1250, 1250)
1.00e+00, 5.01e-04
Mean MPI nbar is 0.000501?
1.00e+00, 5.01e-04
Mean MPI nbar is 0.000501?
(4313, 3)
Mean MPI nbar is 0.000501
p: (4313, 3)
gal_field: (1250, 1250, 1250)
(4313, 3)
Mean MPI nbar is 0.000501
p: (4313, 3)
gal_field: (1250, 1250, 1250)
1.00e+00, 5.01e-04
Mean MPI nbar is 0.000501?
(4313, 3)
Mean MPI nbar is 0.000501
p: (4313, 3)
gal_field: (1250, 1250, 1250)
1.00e+00, 5.01e-04
Mean MPI nbar is 0.000501?
(4313, 3)
Mean MPI nbar is 0.000501
p: (4313, 3)
gal_field: (1250, 1250, 1250)
making overdensity contrast
making overdensity contrast
making overdensity contrast
making overdensity contrast
making overdensity contrast
making overdensity contrast
making overdensity contrast
making overdensity contrast
slurmstepd: error: Detected 1 oom_kill event in StepId=63342761.3. Some of the step tasks have been OOM Killed.
srun: error: sh02-03n60: task 12: Out Of Memory
srun: Terminating StepId=63342761.3
slurmstepd: error: *** STEP 63342761.3 ON sh02-03n46 CANCELLED AT 2025-04-16T18:07:54 ***
slurmstepd: error: Detected 1 oom_kill event in StepId=63342761.3. Some of the step tasks have been OOM Killed.
srun: error: sh02-03n54: task 9: Terminated
srun: error: sh02-03n72: tasks 22-23: Terminated
srun: error: sh02-03n67: task 16: Terminated
srun: error: sh02-03n49: task 3: Terminated
srun: error: sh02-03n51: task 4: Terminated
slurmstepd: error: Detected 1 oom_kill event in StepId=63342761.3. Some of the step tasks have been OOM Killed.
srun: error: sh02-03n59: task 10: Terminated
srun: error: sh02-03n69: task 18: Terminated
srun: error: sh02-03n70: task 19: Terminated
srun: error: sh02-03n64: task 14: Terminated
srun: error: sh02-03n65: task 15: Terminated
srun: error: sh02-03n48: task 1: Terminated
srun: error: sh02-03n46: task 0: Terminated
srun: error: sh02-03n67: task 17: Terminated
srun: error: sh02-03n54: task 8: Terminated
srun: error: sh02-03n72: task 24: Terminated
srun: error: sh02-03n49: task 2: Terminated
srun: error: sh02-03n53: task 7: Terminated
srun: Force Terminated StepId=63342761.3
nranks: 1
Bigseed is given by 34512
a: 1.000000
TNG
nranks: 1
Bigseed is given by 70290
nranks: 1
Bigseed is given by 79342
a: 1.000000
a: 1.000000
TNG
TNG
nranks: 1
Bigseed is given by 83657
a: 1.000000
nranks: 1
Bigseed is given by 52299
TNG
a: 1.000000
TNG
nranks: 1
Bigseed is given by 42637
a: 1.000000
TNG
nranks: 1
Bigseed is given by 17927
nranks: 1
Bigseed is given by 40619
a: 1.000000
a: 1.000000
TNG
TNG
nranks: 1
Bigseed is given by 55621
a: 1.000000
TNG
nranks: 1
Bigseed is given by 56540
nranks: 1
Bigseed is given by 82501
a: 1.000000
a: 1.000000
TNG
TNG
nranks: 1
Bigseed is given by 31680
nranks: 1
Bigseed is given by 77916
a: 1.000000
a: 1.000000
TNG
TNG
nranks: 1
Bigseed is given by 65062
a: 1.000000
TNG
['SubhaloMassType', 'SubhaloSFR', 'SubhaloPos']
0.0
['SubhaloMassType', 'SubhaloSFR', 'SubhaloPos']
['SubhaloMassType', 'SubhaloSFR', 'SubhaloPos']
nranks: 1
Bigseed is given by 91872
nranks: 1
Bigseed is given by 17785
a: 1.000000
a: 1.000000
TNG
TNG
1e-13
['SubhaloMassType', 'SubhaloSFR', 'SubhaloPos']
['SubhaloMassType', 'SubhaloSFR', 'SubhaloPos']
['SubhaloMassType', 'SubhaloSFR', 'SubhaloPos']
0.0
0.0
1.13e+01, 5.67e-03
Mean MPI nbar is 0.005670?
(48846, 3)
Mean MPI nbar is 0.005670
p: (48846, 3)
gal_field: (1250, 1250, 1250)
0.0
0.0
0.0
1e-13
1e-13
1.13e+01, 5.67e-03
Mean MPI nbar is 0.005670?
(48846, 3)
Mean MPI nbar is 0.005670
p: (48846, 3)
gal_field: (1250, 1250, 1250)
1e-13
1.13e+01, 5.67e-03
Mean MPI nbar is 0.005670?
1e-13
1e-13
(48846, 3)
Mean MPI nbar is 0.005670
p: (48846, 3)
gal_field: (1250, 1250, 1250)
nranks: 1
Bigseed is given by 88027
a: 1.000000
TNG
1.13e+01, 5.67e-03
Mean MPI nbar is 0.005670?
(48846, 3)
Mean MPI nbar is 0.005670
p: (48846, 3)
gal_field: (1250, 1250, 1250)
1.13e+01, 5.67e-03
Mean MPI nbar is 0.005670?
1.13e+01, 5.67e-03
Mean MPI nbar is 0.005670?
(48846, 3)
Mean MPI nbar is 0.005670
(48846, 3)
Mean MPI nbar is 0.005670
p: (48846, 3)
gal_field: (1250, 1250, 1250)
p: (48846, 3)
gal_field: (1250, 1250, 1250)
making overdensity contrast
making overdensity contrast
making overdensity contrast
making overdensity contrast
making overdensity contrast
making overdensity contrast
slurmstepd: error: Detected 1 oom_kill event in StepId=63342761.4. Some of the step tasks have been OOM Killed.
srun: error: sh02-03n72: task 23: Out Of Memory
srun: Terminating StepId=63342761.4
slurmstepd: error: *** STEP 63342761.4 ON sh02-03n46 CANCELLED AT 2025-04-16T18:11:21 ***
slurmstepd: error: Detected 1 oom_kill event in StepId=63342761.4. Some of the step tasks have been OOM Killed.
srun: error: sh02-03n49: task 3: Terminated
srun: error: sh02-03n67: task 16: Terminated
srun: error: sh02-03n54: task 9: Terminated
srun: error: sh02-03n71: task 21: Terminated
srun: error: sh02-03n60: tasks 11,13: Terminated
slurmstepd: error: Detected 1 oom_kill event in StepId=63342761.4. Some of the step tasks have been OOM Killed.
srun: error: sh02-03n69: task 18: Terminated
srun: error: sh02-03n70: task 19: Terminated
srun: error: sh02-03n48: task 1: Terminated
srun: error: sh02-03n51: task 4: Terminated
srun: error: sh02-03n59: task 10: Terminated
srun: error: sh02-03n49: task 2: Terminated
srun: error: sh02-03n46: task 0: Terminated
srun: error: sh02-03n67: task 17: Terminated
srun: error: sh02-03n65: task 15: Terminated
srun: error: sh02-03n71: task 20: Terminated
srun: error: sh02-03n53: task 7: Terminated
srun: error: sh02-03n60: task 12: Terminated
srun: error: sh02-03n54: task 8: Terminated
srun: Force Terminated StepId=63342761.4
nranks: 1
Bigseed is given by 39612
a: 0.666667
TNG
nranks: 1
Bigseed is given by 75953
a: 0.666667
TNG
nranks: 1
Bigseed is given by 67165
a: 0.666667
TNG
nranks: 1
Bigseed is given by 32536
a: 0.666667
TNG
nranks: 1
Bigseed is given by 81905
a: 0.666667
TNG
nranks: 1
Bigseed is given by 45030
a: 0.666667
TNG
nranks: 1
Bigseed is given by 83105
a: 0.666667
TNG
['SubhaloMassType', 'SubhaloSFR', 'SubhaloPos']
0.0
1e-13
6.80e+00, 3.40e-03
Mean MPI nbar is 0.003400?
(29292, 3)
Mean MPI nbar is 0.003400
p: (29292, 3)
gal_field: (1250, 1250, 1250)
nranks: 1
Bigseed is given by 26832
a: 0.666667
TNG
nranks: 1
Bigseed is given by 38271
a: 0.666667
TNG
making overdensity contrast
nranks: 1
Bigseed is given by 34970
a: 0.666667
TNG
nranks: 1
Bigseed is given by 56223
a: 0.666667
TNG
nranks: 1
Bigseed is given by 24457
a: 0.666667
TNG
nranks: 1
Bigseed is given by 84144
nranks: 1
Bigseed is given by 39091
a: 0.666667
a: 0.666667
TNG
TNG
nranks: 1
Bigseed is given by 72359
a: 0.666667
TNG
nranks: 1
Bigseed is given by 41858
a: 0.666667
TNG
nranks: 1
Bigseed is given by 40065
a: 0.666667
TNG
slurmstepd: error: Detected 1 oom_kill event in StepId=63342761.5. Some of the step tasks have been OOM Killed.
srun: error: sh02-03n46: task 0: Out Of Memory
srun: Terminating StepId=63342761.5
['SubhaloMassType', 'SubhaloSFR', 'SubhaloPos']
srun: error: sh02-03n72: tasks 23-24: Terminated
srun: error: sh02-03n60: tasks 11,13: Terminated
srun: error: sh02-03n52: task 6: Terminated
srun: error: sh02-03n54: task 9: Terminated
srun: error: sh02-03n49: task 2: Terminated
srun: error: sh02-03n67: task 16: Terminated
srun: error: sh02-03n71: task 21: Terminated
srun: error: sh02-03n64: task 14: Terminated
srun: error: sh02-03n59: task 10: Terminated
srun: error: sh02-03n72: task 22: Terminated
srun: error: sh02-03n52: task 5: Terminated
srun: error: sh02-03n65: task 15: Terminated
srun: error: sh02-03n70: task 19: Terminated
srun: error: sh02-03n54: task 8: Terminated
srun: error: sh02-03n51: task 4: Terminated
srun: error: sh02-03n53: task 7: Terminated
srun: error: sh02-03n60: task 12: Terminated
srun: error: sh02-03n49: task 3: Terminated
srun: error: sh02-03n48: task 1: Terminated
srun: error: sh02-03n67: task 17: Terminated
srun: error: sh02-03n69: task 18: Terminated
srun: error: sh02-03n71: task 20: Terminated
srun: Force Terminated StepId=63342761.5
nranks: 1
Bigseed is given by 67162
a: 0.500000
TNG
nranks: 1
Bigseed is given by 83209
a: 0.500000
TNG
nranks: 1
Bigseed is given by 48302
a: 0.500000
TNG
nranks: 1
Bigseed is given by 46257
a: 0.500000
TNG
nranks: 1
Bigseed is given by 40547
a: 0.500000
TNG
nranks: 1
Bigseed is given by 15811
a: 0.500000
TNG
nranks: 1
Bigseed is given by 78359
a: 0.500000
TNG
nranks: 1
Bigseed is given by 72092
a: 0.500000
TNG
nranks: 1
Bigseed is given by 55352
a: 0.500000
TNG
nranks: 1
Bigseed is given by 69826
a: 0.500000
TNG
nranks: 1
Bigseed is given by 77220
a: 0.500000
TNG
['SubhaloMassType', 'SubhaloSFR', 'SubhaloPos']
0.0
1e-13
['SubhaloMassType', 'SubhaloSFR', 'SubhaloPos']
0.0
1e-13
6.81e+00, 3.40e-03
Mean MPI nbar is 0.003403?
(29314, 3)
Mean MPI nbar is 0.003403
p: (29314, 3)
gal_field: (1250, 1250, 1250)
6.81e+00, 3.40e-03
Mean MPI nbar is 0.003403?
(29314, 3)
Mean MPI nbar is 0.003403
p: (29314, 3)
gal_field: (1250, 1250, 1250)
nranks: 1
Bigseed is given by 79538
a: 0.500000
TNG
nranks: 1
Bigseed is given by 50831
a: 0.500000
nranks: 1
Bigseed is given by 75159
TNG
a: 0.500000
TNG
nranks: 1
Bigseed is given by 9637
a: 0.500000
TNG
nranks: 1
Bigseed is given by 12969
a: 0.500000
TNG
making overdensity contrast
nranks: 1
Bigseed is given by 423
a: 0.500000
TNG
making overdensity contrast
nranks: 1
Bigseed is given by 30500
a: 0.500000
TNG
nranks: 1
Bigseed is given by 47130
nranks: 1
Bigseed is given by 57815
a: 0.500000
a: 0.500000
TNG
TNG
['SubhaloMassType', 'SubhaloSFR', 'SubhaloPos']
['SubhaloMassType', 'SubhaloSFR', 'SubhaloPos']
['SubhaloMassType', 'SubhaloSFR', 'SubhaloPos']
nranks: 1
Bigseed is given by 51336
a: 0.500000
TNG
0.0
0.0
nranks: 1
Bigseed is given by 66976
nranks: 1
Bigseed is given by 8536
a: 0.500000
a: 0.500000
0.0
slurmstepd: error: Detected 1 oom_kill event in StepId=63342761.6. Some of the step tasks have been OOM Killed.
TNG
TNG
srun: error: sh02-03n59: task 10: Out Of Memory
srun: Terminating StepId=63342761.6
slurmstepd: error: Detected 1 oom_kill event in StepId=63342761.6. Some of the step tasks have been OOM Killed.
slurmstepd: error: *** STEP 63342761.6 ON sh02-03n46 CANCELLED AT 2025-04-16T18:17:04 ***
srun: error: sh02-03n52: task 5: Terminated
srun: error: sh02-03n71: task 21: Terminated
srun: error: sh02-03n67: task 16: Terminated
srun: error: sh02-03n49: task 3: Terminated
srun: error: sh02-03n54: task 9: Terminated
srun: error: sh02-03n60: tasks 11,13: Terminated
srun: error: sh02-03n72: tasks 22-23: Terminated
srun: error: sh02-03n52: task 6: Terminated
srun: error: sh02-03n48: task 1: Terminated
srun: error: sh02-03n69: task 18: Terminated
srun: error: sh02-03n46: task 0: Terminated
srun: error: sh02-03n67: task 17: Terminated
srun: error: sh02-03n51: task 4: Terminated
srun: error: sh02-03n70: task 19: Terminated
srun: error: sh02-03n71: task 20: Terminated
srun: error: sh02-03n49: task 2: Terminated
srun: error: sh02-03n65: task 15: Terminated
srun: error: sh02-03n53: task 7: Terminated
srun: error: sh02-03n54: task 8: Terminated
srun: error: sh02-03n60: task 12: Terminated
srun: error: sh02-03n72: task 24: Terminated
srun: Force Terminated StepId=63342761.6
